mode: set
lmzsoftware.com/lzuccarelli/common-auth-interface/pkg/validator/validate.go:13.59,17.27 4 1
lmzsoftware.com/lzuccarelli/common-auth-interface/pkg/validator/validate.go:25.2,25.12 1 1
lmzsoftware.com/lzuccarelli/common-auth-interface/pkg/validator/validate.go:17.27,18.15 1 1
lmzsoftware.com/lzuccarelli/common-auth-interface/pkg/validator/validate.go:23.3,23.69 1 0
lmzsoftware.com/lzuccarelli/common-auth-interface/pkg/validator/validate.go:18.15,21.4 2 1
lmzsoftware.com/lzuccarelli/common-auth-interface/pkg/validator/validate.go:30.50,38.23 2 1
lmzsoftware.com/lzuccarelli/common-auth-interface/pkg/validator/validate.go:43.2,43.12 1 1
lmzsoftware.com/lzuccarelli/common-auth-interface/pkg/validator/validate.go:38.23,39.54 1 1
lmzsoftware.com/lzuccarelli/common-auth-interface/pkg/validator/validate.go:39.54,41.4 1 1
lmzsoftware.com/lzuccarelli/common-auth-interface/pkg/handlers/handler.go:22.54,26.2 3 1
lmzsoftware.com/lzuccarelli/common-auth-interface/pkg/handlers/handler.go:28.83,34.74 4 1
lmzsoftware.com/lzuccarelli/common-auth-interface/pkg/handlers/handler.go:43.2,67.97 17 1
lmzsoftware.com/lzuccarelli/common-auth-interface/pkg/handlers/handler.go:71.2,73.39 2 1
lmzsoftware.com/lzuccarelli/common-auth-interface/pkg/handlers/handler.go:81.2,84.8 4 1
lmzsoftware.com/lzuccarelli/common-auth-interface/pkg/handlers/handler.go:34.74,40.3 5 1
lmzsoftware.com/lzuccarelli/common-auth-interface/pkg/handlers/handler.go:67.97,69.3 1 1
lmzsoftware.com/lzuccarelli/common-auth-interface/pkg/handlers/handler.go:73.39,76.3 2 1
lmzsoftware.com/lzuccarelli/common-auth-interface/pkg/handlers/handler.go:76.8,79.3 2 1
lmzsoftware.com/lzuccarelli/common-auth-interface/pkg/handlers/handler.go:88.57,89.35 1 1
lmzsoftware.com/lzuccarelli/common-auth-interface/pkg/handlers/handler.go:92.2,97.134 5 1
lmzsoftware.com/lzuccarelli/common-auth-interface/pkg/handlers/handler.go:89.35,91.3 1 0
lmzsoftware.com/lzuccarelli/common-auth-interface/pkg/handlers/handler.go:101.86,103.30 1 1
lmzsoftware.com/lzuccarelli/common-auth-interface/pkg/handlers/handler.go:108.2,108.48 1 1
lmzsoftware.com/lzuccarelli/common-auth-interface/pkg/handlers/handler.go:103.30,106.3 2 1
lmzsoftware.com/lzuccarelli/common-auth-interface/pkg/handlers/handler.go:111.71,112.53 1 1
lmzsoftware.com/lzuccarelli/common-auth-interface/pkg/handlers/handler.go:115.2,115.8 1 1
lmzsoftware.com/lzuccarelli/common-auth-interface/pkg/handlers/handler.go:112.53,114.3 1 1
lmzsoftware.com/lzuccarelli/common-auth-interface/pkg/handlers/handler.go:118.96,121.33 2 1
lmzsoftware.com/lzuccarelli/common-auth-interface/pkg/handlers/handler.go:125.2,125.43 1 1
lmzsoftware.com/lzuccarelli/common-auth-interface/pkg/handlers/handler.go:130.2,130.78 1 1
lmzsoftware.com/lzuccarelli/common-auth-interface/pkg/handlers/handler.go:135.2,135.63 1 1
lmzsoftware.com/lzuccarelli/common-auth-interface/pkg/handlers/handler.go:140.2,140.13 1 1
lmzsoftware.com/lzuccarelli/common-auth-interface/pkg/handlers/handler.go:121.33,123.3 1 1
lmzsoftware.com/lzuccarelli/common-auth-interface/pkg/handlers/handler.go:125.43,128.3 2 1
lmzsoftware.com/lzuccarelli/common-auth-interface/pkg/handlers/handler.go:130.78,133.3 2 1
lmzsoftware.com/lzuccarelli/common-auth-interface/pkg/handlers/handler.go:135.63,138.3 2 1
lmzsoftware.com/lzuccarelli/common-auth-interface/pkg/handlers/handler.go:143.78,144.29 1 1
lmzsoftware.com/lzuccarelli/common-auth-interface/pkg/handlers/handler.go:150.2,150.8 1 1
lmzsoftware.com/lzuccarelli/common-auth-interface/pkg/handlers/handler.go:144.29,145.28 1 1
lmzsoftware.com/lzuccarelli/common-auth-interface/pkg/handlers/handler.go:145.28,147.9 2 1
lmzsoftware.com/lzuccarelli/common-auth-interface/pkg/handlers/handler.go:153.116,154.32 1 1
lmzsoftware.com/lzuccarelli/common-auth-interface/pkg/handlers/handler.go:160.2,160.8 1 1
lmzsoftware.com/lzuccarelli/common-auth-interface/pkg/handlers/handler.go:154.32,155.31 1 1
lmzsoftware.com/lzuccarelli/common-auth-interface/pkg/handlers/handler.go:155.31,157.9 2 1
lmzsoftware.com/lzuccarelli/common-auth-interface/pkg/handlers/handler.go:163.106,164.36 1 1
lmzsoftware.com/lzuccarelli/common-auth-interface/pkg/handlers/handler.go:170.2,170.8 1 1
lmzsoftware.com/lzuccarelli/common-auth-interface/pkg/handlers/handler.go:164.36,165.55 1 1
lmzsoftware.com/lzuccarelli/common-auth-interface/pkg/handlers/handler.go:165.55,167.9 2 1
lmzsoftware.com/lzuccarelli/common-auth-interface/pkg/handlers/handler.go:174.86,177.49 2 1
lmzsoftware.com/lzuccarelli/common-auth-interface/pkg/handlers/handler.go:182.2,183.29 2 1
lmzsoftware.com/lzuccarelli/common-auth-interface/pkg/handlers/handler.go:188.2,190.27 3 1
lmzsoftware.com/lzuccarelli/common-auth-interface/pkg/handlers/handler.go:199.2,201.26 3 1
lmzsoftware.com/lzuccarelli/common-auth-interface/pkg/handlers/handler.go:210.2,212.35 3 1
lmzsoftware.com/lzuccarelli/common-auth-interface/pkg/handlers/handler.go:221.2,221.119 1 1
lmzsoftware.com/lzuccarelli/common-auth-interface/pkg/handlers/handler.go:177.49,180.3 2 1
lmzsoftware.com/lzuccarelli/common-auth-interface/pkg/handlers/handler.go:183.29,186.3 2 1
lmzsoftware.com/lzuccarelli/common-auth-interface/pkg/handlers/handler.go:190.27,193.47 2 1
lmzsoftware.com/lzuccarelli/common-auth-interface/pkg/handlers/handler.go:196.3,196.53 1 1
lmzsoftware.com/lzuccarelli/common-auth-interface/pkg/handlers/handler.go:193.47,195.4 1 1
lmzsoftware.com/lzuccarelli/common-auth-interface/pkg/handlers/handler.go:201.26,204.46 2 1
lmzsoftware.com/lzuccarelli/common-auth-interface/pkg/handlers/handler.go:207.3,207.51 1 1
lmzsoftware.com/lzuccarelli/common-auth-interface/pkg/handlers/handler.go:204.46,206.4 1 1
lmzsoftware.com/lzuccarelli/common-auth-interface/pkg/handlers/handler.go:212.35,215.47 2 1
lmzsoftware.com/lzuccarelli/common-auth-interface/pkg/handlers/handler.go:218.3,218.61 1 1
lmzsoftware.com/lzuccarelli/common-auth-interface/pkg/handlers/handler.go:215.47,217.4 1 1
